// Jest Snapshot v1, https://goo.gl/fbAQLP

exports[`ChangeExchangeValueField renders without crashing given the required props 1`] = `
<div>
  <input
    onChange={[Function]}
    type="text"
  />
</div>
`;
