// Jest Snapshot v1, https://goo.gl/fbAQLP

exports[`SwitchButton renders without crashing given the required props 1`] = `
<div
  className="switch-button"
  onClick={[MockFunction]}
/>
`;
